Archive member included to satisfy reference by file (symbol)

d:/embedded/arm-compiler/avr8-gnu-toolchain-win32_x86_64/bin/../lib/gcc/avr/7.3.0/avr5\libgcc.a(_exit.o)
                              d:/embedded/arm-compiler/avr8-gnu-toolchain-win32_x86_64/bin/../lib/gcc/avr/7.3.0/../../../../avr/lib/avr5/crtatmega328p.o (exit)
d:/embedded/arm-compiler/avr8-gnu-toolchain-win32_x86_64/bin/../lib/gcc/avr/7.3.0/avr5\libgcc.a(_copy_data.o)
                              ./GPIO/GPIO.o (__do_copy_data)
d:/embedded/arm-compiler/avr8-gnu-toolchain-win32_x86_64/bin/../lib/gcc/avr/7.3.0/avr5\libgcc.a(_clear_bss.o)
                              ./WDGM/WDGM.o (__do_clear_bss)
d:/embedded/arm-compiler/avr8-gnu-toolchain-win32_x86_64/bin/../lib/gcc/avr/7.3.0/avr5\libgcc.a(_umulhisi3.o)
                              ./WDGDRV/WDGDRV.o (__umulhisi3)

Allocating common symbols
Common symbol       size              file

ledm_call_count     0x1               ./WDGM/WDGM.o
reset_occured       0x1               ./WDGDRV/WDGDRV.o
wdgm_mainfunction_executed
                    0x1               ./WDGM/WDGM.o
is_refreshed        0x1               ./WDGM/WDGM.o
status              0x1               ./WDGM/WDGM.o

Memory Configuration

Name             Origin             Length             Attributes
text             0x0000000000000000 0x0000000000008000 xr
data             0x0000000000800100 0x0000000000000800 rw !x
eeprom           0x0000000000810000 0x0000000000000400 rw !x
fuse             0x0000000000820000 0x0000000000000003 rw !x
lock             0x0000000000830000 0x0000000000000400 rw !x
signature        0x0000000000840000 0x0000000000000400 rw !x
user_signatures  0x0000000000850000 0x0000000000000400 rw !x
*default*        0x0000000000000000 0xffffffffffffffff

Linker script and memory map

Address of section .data set to 0x800100
LOAD d:/embedded/arm-compiler/avr8-gnu-toolchain-win32_x86_64/bin/../lib/gcc/avr/7.3.0/../../../../avr/lib/avr5/crtatmega328p.o
LOAD ./src/main.o
LOAD ./WDGM/WDGM.o
LOAD ./WDGDRV/WDGDRV.o
LOAD ./Timer/Timer.o
LOAD ./LED/LED.o
LOAD ./GPIO/GPIO.o
START GROUP
LOAD d:/embedded/arm-compiler/avr8-gnu-toolchain-win32_x86_64/bin/../lib/gcc/avr/7.3.0/avr5\libgcc.a
LOAD d:/embedded/arm-compiler/avr8-gnu-toolchain-win32_x86_64/bin/../lib/gcc/avr/7.3.0/../../../../avr/lib/avr5\libm.a
LOAD d:/embedded/arm-compiler/avr8-gnu-toolchain-win32_x86_64/bin/../lib/gcc/avr/7.3.0/../../../../avr/lib/avr5\libc.a
LOAD d:/embedded/arm-compiler/avr8-gnu-toolchain-win32_x86_64/bin/../lib/gcc/avr/7.3.0/../../../../avr/lib/avr5\libatmega328p.a
END GROUP
                0x0000000000000000                __TEXT_REGION_ORIGIN__ = DEFINED (__TEXT_REGION_ORIGIN__)?__TEXT_REGION_ORIGIN__:0x0
                [0x0000000000800100]                __DATA_REGION_ORIGIN__ = DEFINED (__DATA_REGION_ORIGIN__)?__DATA_REGION_ORIGIN__:0x800060
                [0x0000000000008000]                __TEXT_REGION_LENGTH__ = DEFINED (__TEXT_REGION_LENGTH__)?__TEXT_REGION_LENGTH__:0x20000
                [0x0000000000000800]                __DATA_REGION_LENGTH__ = DEFINED (__DATA_REGION_LENGTH__)?__DATA_REGION_LENGTH__:0xffa0
                [0x0000000000000400]                __EEPROM_REGION_LENGTH__ = DEFINED (__EEPROM_REGION_LENGTH__)?__EEPROM_REGION_LENGTH__:0x10000
                [0x0000000000000003]                __FUSE_REGION_LENGTH__ = DEFINED (__FUSE_REGION_LENGTH__)?__FUSE_REGION_LENGTH__:0x400
                0x0000000000000400                __LOCK_REGION_LENGTH__ = DEFINED (__LOCK_REGION_LENGTH__)?__LOCK_REGION_LENGTH__:0x400
                0x0000000000000400                __SIGNATURE_REGION_LENGTH__ = DEFINED (__SIGNATURE_REGION_LENGTH__)?__SIGNATURE_REGION_LENGTH__:0x400
                0x0000000000000400                __USER_SIGNATURE_REGION_LENGTH__ = DEFINED (__USER_SIGNATURE_REGION_LENGTH__)?__USER_SIGNATURE_REGION_LENGTH__:0x400

.hash
 *(.hash)

.dynsym
 *(.dynsym)

.dynstr
 *(.dynstr)

.gnu.version
 *(.gnu.version)

.gnu.version_d
 *(.gnu.version_d)

.gnu.version_r
 *(.gnu.version_r)

.rel.init
 *(.rel.init)

.rela.init
 *(.rela.init)

.rel.text
 *(.rel.text)
 *(.rel.text.*)
 *(.rel.gnu.linkonce.t*)

.rela.text
 *(.rela.text)
 *(.rela.text.*)
 *(.rela.gnu.linkonce.t*)

.rel.fini
 *(.rel.fini)

.rela.fini
 *(.rela.fini)

.rel.rodata
 *(.rel.rodata)
 *(.rel.rodata.*)
 *(.rel.gnu.linkonce.r*)

.rela.rodata
 *(.rela.rodata)
 *(.rela.rodata.*)
 *(.rela.gnu.linkonce.r*)

.rel.data
 *(.rel.data)
 *(.rel.data.*)
 *(.rel.gnu.linkonce.d*)

.rela.data
 *(.rela.data)
 *(.rela.data.*)
 *(.rela.gnu.linkonce.d*)

.rel.ctors
 *(.rel.ctors)

.rela.ctors
 *(.rela.ctors)

.rel.dtors
 *(.rel.dtors)

.rela.dtors
 *(.rela.dtors)

.rel.got
 *(.rel.got)

.rela.got
 *(.rela.got)

.rel.bss
 *(.rel.bss)

.rela.bss
 *(.rela.bss)

.rel.plt
 *(.rel.plt)

.rela.plt
 *(.rela.plt)

.text           0x0000000000000000      0x3d2
 *(.vectors)
 .vectors       0x0000000000000000       0x68 d:/embedded/arm-compiler/avr8-gnu-toolchain-win32_x86_64/bin/../lib/gcc/avr/7.3.0/../../../../avr/lib/avr5/crtatmega328p.o
                0x0000000000000000                __vector_default
                0x0000000000000000                __vectors
 *(.vectors)
 *(.progmem.gcc*)
                0x0000000000000068                . = ALIGN (0x2)
                0x0000000000000068                __trampolines_start = .
 *(.trampolines)
 .trampolines   0x0000000000000068        0x0 linker stubs
 *(.trampolines*)
                0x0000000000000068                __trampolines_end = .
 *libprintf_flt.a:*(.progmem.data)
 *libc.a:*(.progmem.data)
 *(.progmem*)
                0x0000000000000068                . = ALIGN (0x2)
 *(.jumptables)
 *(.jumptables*)
 *(.lowtext)
 *(.lowtext*)
                0x0000000000000068                __ctors_start = .
 *(.ctors)
                0x0000000000000068                __ctors_end = .
                0x0000000000000068                __dtors_start = .
 *(.dtors)
                0x0000000000000068                __dtors_end = .
 SORT(*)(.ctors)
 SORT(*)(.dtors)
 *(.init0)
 .init0         0x0000000000000068        0x0 d:/embedded/arm-compiler/avr8-gnu-toolchain-win32_x86_64/bin/../lib/gcc/avr/7.3.0/../../../../avr/lib/avr5/crtatmega328p.o
                0x0000000000000068                __init
 *(.init0)
 *(.init1)
 *(.init1)
 *(.init2)
 .init2         0x0000000000000068        0xc d:/embedded/arm-compiler/avr8-gnu-toolchain-win32_x86_64/bin/../lib/gcc/avr/7.3.0/../../../../avr/lib/avr5/crtatmega328p.o
 *(.init2)
 *(.init3)
 *(.init3)
 *(.init4)
 .init4         0x0000000000000074       0x16 d:/embedded/arm-compiler/avr8-gnu-toolchain-win32_x86_64/bin/../lib/gcc/avr/7.3.0/avr5\libgcc.a(_copy_data.o)
                0x0000000000000074                __do_copy_data
 .init4         0x000000000000008a       0x10 d:/embedded/arm-compiler/avr8-gnu-toolchain-win32_x86_64/bin/../lib/gcc/avr/7.3.0/avr5\libgcc.a(_clear_bss.o)
                0x000000000000008a                __do_clear_bss
 *(.init4)
 *(.init5)
 *(.init5)
 *(.init6)
 *(.init6)
 *(.init7)
 *(.init7)
 *(.init8)
 *(.init8)
 *(.init9)
 .init9         0x000000000000009a        0x8 d:/embedded/arm-compiler/avr8-gnu-toolchain-win32_x86_64/bin/../lib/gcc/avr/7.3.0/../../../../avr/lib/avr5/crtatmega328p.o
 *(.init9)
 *(.text)
 .text          0x00000000000000a2        0x4 d:/embedded/arm-compiler/avr8-gnu-toolchain-win32_x86_64/bin/../lib/gcc/avr/7.3.0/../../../../avr/lib/avr5/crtatmega328p.o
                0x00000000000000a2                __vector_22
                0x00000000000000a2                __vector_1
                0x00000000000000a2                __vector_24
                0x00000000000000a2                __vector_12
                0x00000000000000a2                __bad_interrupt
                0x00000000000000a2                __vector_6
                0x00000000000000a2                __vector_3
                0x00000000000000a2                __vector_23
                0x00000000000000a2                __vector_25
                0x00000000000000a2                __vector_13
                0x00000000000000a2                __vector_17
                0x00000000000000a2                __vector_19
                0x00000000000000a2                __vector_7
                0x00000000000000a2                __vector_5
                0x00000000000000a2                __vector_4
                0x00000000000000a2                __vector_9
                0x00000000000000a2                __vector_2
                0x00000000000000a2                __vector_21
                0x00000000000000a2                __vector_15
                0x00000000000000a2                __vector_8
                0x00000000000000a2                __vector_14
                0x00000000000000a2                __vector_10
                0x00000000000000a2                __vector_16
                0x00000000000000a2                __vector_18
                0x00000000000000a2                __vector_20
 .text          0x00000000000000a6        0x0 ./src/main.o
 .text          0x00000000000000a6        0x0 ./WDGM/WDGM.o
 .text          0x00000000000000a6        0x0 ./WDGDRV/WDGDRV.o
 .text          0x00000000000000a6        0x0 ./Timer/Timer.o
 .text          0x00000000000000a6        0x0 ./LED/LED.o
 .text          0x00000000000000a6        0x0 ./GPIO/GPIO.o
 .text          0x00000000000000a6        0x0 d:/embedded/arm-compiler/avr8-gnu-toolchain-win32_x86_64/bin/../lib/gcc/avr/7.3.0/avr5\libgcc.a(_exit.o)
 .text          0x00000000000000a6        0x0 d:/embedded/arm-compiler/avr8-gnu-toolchain-win32_x86_64/bin/../lib/gcc/avr/7.3.0/avr5\libgcc.a(_copy_data.o)
 .text          0x00000000000000a6        0x0 d:/embedded/arm-compiler/avr8-gnu-toolchain-win32_x86_64/bin/../lib/gcc/avr/7.3.0/avr5\libgcc.a(_clear_bss.o)
 .text          0x00000000000000a6        0x0 d:/embedded/arm-compiler/avr8-gnu-toolchain-win32_x86_64/bin/../lib/gcc/avr/7.3.0/avr5\libgcc.a(_umulhisi3.o)
                0x00000000000000a6                . = ALIGN (0x2)
 *(.text.*)
 .text.main     0x00000000000000a6       0x5c ./src/main.o
                0x00000000000000a6                main
 .text.WDGM_Init
                0x0000000000000102       0x1c ./WDGM/WDGM.o
                0x0000000000000102                WDGM_Init
 .text.WDGM_MainFunction
                0x000000000000011e       0x4c ./WDGM/WDGM.o
                0x000000000000011e                WDGM_MainFunction
 .text.WDGM_PovideSuppervisionStatus
                0x000000000000016a        0x6 ./WDGM/WDGM.o
                0x000000000000016a                WDGM_PovideSuppervisionStatus
 .text.WDGM_AlivenessIndication
                0x0000000000000170        0xc ./WDGM/WDGM.o
                0x0000000000000170                WDGM_AlivenessIndication
 .text.WDGDrv_Init
                0x000000000000017c       0x24 ./WDGDRV/WDGDRV.o
                0x000000000000017c                WDGDrv_Init
 .text.WDGDrv_IsrNotification
                0x00000000000001a0       0xae ./WDGDRV/WDGDRV.o
                0x00000000000001a0                WDGDrv_IsrNotification
 .text.Timer_Init
                0x000000000000024e       0x30 ./Timer/Timer.o
                0x000000000000024e                Timer_Init
 .text.__vector_11
                0x000000000000027e       0x48 ./Timer/Timer.o
                0x000000000000027e                __vector_11
 .text.LED_Init
                0x00000000000002c6       0x12 ./LED/LED.o
                0x00000000000002c6                LED_Init
 .text.LED_Manage
                0x00000000000002d8       0x7e ./LED/LED.o
                0x00000000000002d8                LED_Manage
 .text.Gpio_Init
                0x0000000000000356       0x10 ./GPIO/GPIO.o
                0x0000000000000356                Gpio_Init
 .text.Gpio_Write
                0x0000000000000366       0x4a ./GPIO/GPIO.o
                0x0000000000000366                Gpio_Write
 .text.libgcc.mul
                0x00000000000003b0        0x0 d:/embedded/arm-compiler/avr8-gnu-toolchain-win32_x86_64/bin/../lib/gcc/avr/7.3.0/avr5\libgcc.a(_exit.o)
 .text.libgcc.div
                0x00000000000003b0        0x0 d:/embedded/arm-compiler/avr8-gnu-toolchain-win32_x86_64/bin/../lib/gcc/avr/7.3.0/avr5\libgcc.a(_exit.o)
 .text.libgcc   0x00000000000003b0        0x0 d:/embedded/arm-compiler/avr8-gnu-toolchain-win32_x86_64/bin/../lib/gcc/avr/7.3.0/avr5\libgcc.a(_exit.o)
 .text.libgcc.prologue
                0x00000000000003b0        0x0 d:/embedded/arm-compiler/avr8-gnu-toolchain-win32_x86_64/bin/../lib/gcc/avr/7.3.0/avr5\libgcc.a(_exit.o)
 .text.libgcc.builtins
                0x00000000000003b0        0x0 d:/embedded/arm-compiler/avr8-gnu-toolchain-win32_x86_64/bin/../lib/gcc/avr/7.3.0/avr5\libgcc.a(_exit.o)
 .text.libgcc.fmul
                0x00000000000003b0        0x0 d:/embedded/arm-compiler/avr8-gnu-toolchain-win32_x86_64/bin/../lib/gcc/avr/7.3.0/avr5\libgcc.a(_exit.o)
 .text.libgcc.fixed
                0x00000000000003b0        0x0 d:/embedded/arm-compiler/avr8-gnu-toolchain-win32_x86_64/bin/../lib/gcc/avr/7.3.0/avr5\libgcc.a(_exit.o)
 .text.libgcc.mul
                0x00000000000003b0        0x0 d:/embedded/arm-compiler/avr8-gnu-toolchain-win32_x86_64/bin/../lib/gcc/avr/7.3.0/avr5\libgcc.a(_copy_data.o)
 .text.libgcc.div
                0x00000000000003b0        0x0 d:/embedded/arm-compiler/avr8-gnu-toolchain-win32_x86_64/bin/../lib/gcc/avr/7.3.0/avr5\libgcc.a(_copy_data.o)
 .text.libgcc   0x00000000000003b0        0x0 d:/embedded/arm-compiler/avr8-gnu-toolchain-win32_x86_64/bin/../lib/gcc/avr/7.3.0/avr5\libgcc.a(_copy_data.o)
 .text.libgcc.prologue
                0x00000000000003b0        0x0 d:/embedded/arm-compiler/avr8-gnu-toolchain-win32_x86_64/bin/../lib/gcc/avr/7.3.0/avr5\libgcc.a(_copy_data.o)
 .text.libgcc.builtins
                0x00000000000003b0        0x0 d:/embedded/arm-compiler/avr8-gnu-toolchain-win32_x86_64/bin/../lib/gcc/avr/7.3.0/avr5\libgcc.a(_copy_data.o)
 .text.libgcc.fmul
                0x00000000000003b0        0x0 d:/embedded/arm-compiler/avr8-gnu-toolchain-win32_x86_64/bin/../lib/gcc/avr/7.3.0/avr5\libgcc.a(_copy_data.o)
 .text.libgcc.fixed
                0x00000000000003b0        0x0 d:/embedded/arm-compiler/avr8-gnu-toolchain-win32_x86_64/bin/../lib/gcc/avr/7.3.0/avr5\libgcc.a(_copy_data.o)
 .text.libgcc.mul
                0x00000000000003b0        0x0 d:/embedded/arm-compiler/avr8-gnu-toolchain-win32_x86_64/bin/../lib/gcc/avr/7.3.0/avr5\libgcc.a(_clear_bss.o)
 .text.libgcc.div
                0x00000000000003b0        0x0 d:/embedded/arm-compiler/avr8-gnu-toolchain-win32_x86_64/bin/../lib/gcc/avr/7.3.0/avr5\libgcc.a(_clear_bss.o)
 .text.libgcc   0x00000000000003b0        0x0 d:/embedded/arm-compiler/avr8-gnu-toolchain-win32_x86_64/bin/../lib/gcc/avr/7.3.0/avr5\libgcc.a(_clear_bss.o)
 .text.libgcc.prologue
                0x00000000000003b0        0x0 d:/embedded/arm-compiler/avr8-gnu-toolchain-win32_x86_64/bin/../lib/gcc/avr/7.3.0/avr5\libgcc.a(_clear_bss.o)
 .text.libgcc.builtins
                0x00000000000003b0        0x0 d:/embedded/arm-compiler/avr8-gnu-toolchain-win32_x86_64/bin/../lib/gcc/avr/7.3.0/avr5\libgcc.a(_clear_bss.o)
 .text.libgcc.fmul
                0x00000000000003b0        0x0 d:/embedded/arm-compiler/avr8-gnu-toolchain-win32_x86_64/bin/../lib/gcc/avr/7.3.0/avr5\libgcc.a(_clear_bss.o)
 .text.libgcc.fixed
                0x00000000000003b0        0x0 d:/embedded/arm-compiler/avr8-gnu-toolchain-win32_x86_64/bin/../lib/gcc/avr/7.3.0/avr5\libgcc.a(_clear_bss.o)
 .text.libgcc.mul
                0x00000000000003b0       0x1e d:/embedded/arm-compiler/avr8-gnu-toolchain-win32_x86_64/bin/../lib/gcc/avr/7.3.0/avr5\libgcc.a(_umulhisi3.o)
                0x00000000000003b0                __umulhisi3
 .text.libgcc.div
                0x00000000000003ce        0x0 d:/embedded/arm-compiler/avr8-gnu-toolchain-win32_x86_64/bin/../lib/gcc/avr/7.3.0/avr5\libgcc.a(_umulhisi3.o)
 .text.libgcc   0x00000000000003ce        0x0 d:/embedded/arm-compiler/avr8-gnu-toolchain-win32_x86_64/bin/../lib/gcc/avr/7.3.0/avr5\libgcc.a(_umulhisi3.o)
 .text.libgcc.prologue
                0x00000000000003ce        0x0 d:/embedded/arm-compiler/avr8-gnu-toolchain-win32_x86_64/bin/../lib/gcc/avr/7.3.0/avr5\libgcc.a(_umulhisi3.o)
 .text.libgcc.builtins
                0x00000000000003ce        0x0 d:/embedded/arm-compiler/avr8-gnu-toolchain-win32_x86_64/bin/../lib/gcc/avr/7.3.0/avr5\libgcc.a(_umulhisi3.o)
 .text.libgcc.fmul
                0x00000000000003ce        0x0 d:/embedded/arm-compiler/avr8-gnu-toolchain-win32_x86_64/bin/../lib/gcc/avr/7.3.0/avr5\libgcc.a(_umulhisi3.o)
 .text.libgcc.fixed
                0x00000000000003ce        0x0 d:/embedded/arm-compiler/avr8-gnu-toolchain-win32_x86_64/bin/../lib/gcc/avr/7.3.0/avr5\libgcc.a(_umulhisi3.o)
                0x00000000000003ce                . = ALIGN (0x2)
 *(.fini9)
 .fini9         0x00000000000003ce        0x0 d:/embedded/arm-compiler/avr8-gnu-toolchain-win32_x86_64/bin/../lib/gcc/avr/7.3.0/avr5\libgcc.a(_exit.o)
                0x00000000000003ce                _exit
                0x00000000000003ce                exit
 *(.fini9)
 *(.fini8)
 *(.fini8)
 *(.fini7)
 *(.fini7)
 *(.fini6)
 *(.fini6)
 *(.fini5)
 *(.fini5)
 *(.fini4)
 *(.fini4)
 *(.fini3)
 *(.fini3)
 *(.fini2)
 *(.fini2)
 *(.fini1)
 *(.fini1)
 *(.fini0)
 .fini0         0x00000000000003ce        0x4 d:/embedded/arm-compiler/avr8-gnu-toolchain-win32_x86_64/bin/../lib/gcc/avr/7.3.0/avr5\libgcc.a(_exit.o)
 *(.fini0)
                0x00000000000003d2                _etext = .

.data           0x0000000000800100        0xc load address 0x00000000000003d2
                0x0000000000800100                PROVIDE (__data_start, .)
 *(.data)
 .data          0x0000000000800100        0x0 d:/embedded/arm-compiler/avr8-gnu-toolchain-win32_x86_64/bin/../lib/gcc/avr/7.3.0/../../../../avr/lib/avr5/crtatmega328p.o
 .data          0x0000000000800100        0x0 ./src/main.o
 .data          0x0000000000800100        0x0 ./WDGM/WDGM.o
 .data          0x0000000000800100        0x0 ./WDGDRV/WDGDRV.o
 .data          0x0000000000800100        0x0 ./Timer/Timer.o
 .data          0x0000000000800100        0x0 ./LED/LED.o
 .data          0x0000000000800100        0x0 ./GPIO/GPIO.o
 .data          0x0000000000800100        0x0 d:/embedded/arm-compiler/avr8-gnu-toolchain-win32_x86_64/bin/../lib/gcc/avr/7.3.0/avr5\libgcc.a(_exit.o)
 .data          0x0000000000800100        0x0 d:/embedded/arm-compiler/avr8-gnu-toolchain-win32_x86_64/bin/../lib/gcc/avr/7.3.0/avr5\libgcc.a(_copy_data.o)
 .data          0x0000000000800100        0x0 d:/embedded/arm-compiler/avr8-gnu-toolchain-win32_x86_64/bin/../lib/gcc/avr/7.3.0/avr5\libgcc.a(_clear_bss.o)
 .data          0x0000000000800100        0x0 d:/embedded/arm-compiler/avr8-gnu-toolchain-win32_x86_64/bin/../lib/gcc/avr/7.3.0/avr5\libgcc.a(_umulhisi3.o)
 *(.data*)
 .data.GPIO_Addresses
                0x0000000000800100        0xc ./GPIO/GPIO.o
                0x0000000000800100                GPIO_Addresses
 *(.gnu.linkonce.d*)
 *(.rodata)
 *(.rodata*)
 *(.gnu.linkonce.r*)
                0x000000000080010c                . = ALIGN (0x2)
                0x000000000080010c                _edata = .
                0x000000000080010c                PROVIDE (__data_end, .)

.bss            0x000000000080010c       0x11
                0x000000000080010c                PROVIDE (__bss_start, .)
 *(.bss)
 .bss           0x000000000080010c        0x0 d:/embedded/arm-compiler/avr8-gnu-toolchain-win32_x86_64/bin/../lib/gcc/avr/7.3.0/../../../../avr/lib/avr5/crtatmega328p.o
 .bss           0x000000000080010c        0x0 ./src/main.o
 .bss           0x000000000080010c        0x0 ./WDGM/WDGM.o
 .bss           0x000000000080010c        0x0 ./WDGDRV/WDGDRV.o
 .bss           0x000000000080010c        0x0 ./Timer/Timer.o
 .bss           0x000000000080010c        0x0 ./LED/LED.o
 .bss           0x000000000080010c        0x0 ./GPIO/GPIO.o
 .bss           0x000000000080010c        0x0 d:/embedded/arm-compiler/avr8-gnu-toolchain-win32_x86_64/bin/../lib/gcc/avr/7.3.0/avr5\libgcc.a(_exit.o)
 .bss           0x000000000080010c        0x0 d:/embedded/arm-compiler/avr8-gnu-toolchain-win32_x86_64/bin/../lib/gcc/avr/7.3.0/avr5\libgcc.a(_copy_data.o)
 .bss           0x000000000080010c        0x0 d:/embedded/arm-compiler/avr8-gnu-toolchain-win32_x86_64/bin/../lib/gcc/avr/7.3.0/avr5\libgcc.a(_clear_bss.o)
 .bss           0x000000000080010c        0x0 d:/embedded/arm-compiler/avr8-gnu-toolchain-win32_x86_64/bin/../lib/gcc/avr/7.3.0/avr5\libgcc.a(_umulhisi3.o)
 *(.bss*)
 .bss.check_counter
                0x000000000080010c        0x2 ./WDGM/WDGM.o
 .bss.timer_counter
                0x000000000080010e        0x2 ./WDGDRV/WDGDRV.o
                0x000000000080010e                timer_counter
 .bss.counter   0x0000000000800110        0x4 ./LED/LED.o
 .bss.led_state
                0x0000000000800114        0x4 ./LED/LED.o
 *(COMMON)
 COMMON         0x0000000000800118        0x4 ./WDGM/WDGM.o
                0x0000000000800118                ledm_call_count
                0x0000000000800119                wdgm_mainfunction_executed
                0x000000000080011a                is_refreshed
                0x000000000080011b                status
 COMMON         0x000000000080011c        0x1 ./WDGDRV/WDGDRV.o
                0x000000000080011c                reset_occured
                0x000000000080011d                PROVIDE (__bss_end, .)
                0x00000000000003d2                __data_load_start = LOADADDR (.data)
                0x00000000000003de                __data_load_end = (__data_load_start + SIZEOF (.data))

.noinit         0x000000000080011d        0x0
                [!provide]                        PROVIDE (__noinit_start, .)
 *(.noinit*)
                [!provide]                        PROVIDE (__noinit_end, .)
                0x000000000080011d                _end = .
                [!provide]                        PROVIDE (__heap_start, .)

.eeprom         0x0000000000810000        0x0
 *(.eeprom*)
                0x0000000000810000                __eeprom_end = .

.fuse
 *(.fuse)
 *(.lfuse)
 *(.hfuse)
 *(.efuse)

.lock
 *(.lock*)

.signature
 *(.signature*)

.user_signatures
 *(.user_signatures*)

.stab           0x0000000000000000     0x1a70
 *(.stab)
 .stab          0x0000000000000000      0x66c ./src/main.o
 .stab          0x000000000000066c      0x438 ./WDGM/WDGM.o
                                        0x4d4 (size before relaxing)
 .stab          0x0000000000000aa4      0x444 ./WDGDRV/WDGDRV.o
                                        0x6c0 (size before relaxing)
 .stab          0x0000000000000ee8      0x384 ./Timer/Timer.o
                                        0x5dc (size before relaxing)
 .stab          0x000000000000126c      0x354 ./LED/LED.o
                                        0x420 (size before relaxing)
 .stab          0x00000000000015c0      0x4b0 ./GPIO/GPIO.o
                                        0x678 (size before relaxing)

.stabstr        0x0000000000000000     0x1333
 *(.stabstr)
 .stabstr       0x0000000000000000     0x1333 ./src/main.o

.stab.excl
 *(.stab.excl)

.stab.exclstr
 *(.stab.exclstr)

.stab.index
 *(.stab.index)

.stab.indexstr
 *(.stab.indexstr)

.comment        0x0000000000000000       0x30
 *(.comment)
 .comment       0x0000000000000000       0x30 ./src/main.o
                                         0x31 (size before relaxing)
 .comment       0x0000000000000030       0x31 ./WDGM/WDGM.o
 .comment       0x0000000000000030       0x31 ./WDGDRV/WDGDRV.o
 .comment       0x0000000000000030       0x31 ./Timer/Timer.o
 .comment       0x0000000000000030       0x31 ./LED/LED.o
 .comment       0x0000000000000030       0x31 ./GPIO/GPIO.o

.note.gnu.avr.deviceinfo
                0x0000000000000000       0x40
 .note.gnu.avr.deviceinfo
                0x0000000000000000       0x40 d:/embedded/arm-compiler/avr8-gnu-toolchain-win32_x86_64/bin/../lib/gcc/avr/7.3.0/../../../../avr/lib/avr5/crtatmega328p.o

.note.gnu.build-id
 *(.note.gnu.build-id)

.debug
 *(.debug)

.line
 *(.line)

.debug_srcinfo
 *(.debug_srcinfo)

.debug_sfnames
 *(.debug_sfnames)

.debug_aranges
 *(.debug_aranges)

.debug_pubnames
 *(.debug_pubnames)

.debug_info     0x0000000000000000      0x5f4
 *(.debug_info .gnu.linkonce.wi.*)
 .debug_info    0x0000000000000000      0x5f4 d:/embedded/arm-compiler/avr8-gnu-toolchain-win32_x86_64/bin/../lib/gcc/avr/7.3.0/../../../../avr/lib/avr5/crtatmega328p.o

.debug_abbrev   0x0000000000000000      0x5a2
 *(.debug_abbrev)
 .debug_abbrev  0x0000000000000000      0x5a2 d:/embedded/arm-compiler/avr8-gnu-toolchain-win32_x86_64/bin/../lib/gcc/avr/7.3.0/../../../../avr/lib/avr5/crtatmega328p.o

.debug_line     0x0000000000000000       0x1a
 *(.debug_line .debug_line.* .debug_line_end)
 .debug_line    0x0000000000000000       0x1a d:/embedded/arm-compiler/avr8-gnu-toolchain-win32_x86_64/bin/../lib/gcc/avr/7.3.0/../../../../avr/lib/avr5/crtatmega328p.o

.debug_frame
 *(.debug_frame)

.debug_str      0x0000000000000000      0x208
 *(.debug_str)
 .debug_str     0x0000000000000000      0x208 d:/embedded/arm-compiler/avr8-gnu-toolchain-win32_x86_64/bin/../lib/gcc/avr/7.3.0/../../../../avr/lib/avr5/crtatmega328p.o

.debug_loc
 *(.debug_loc)

.debug_macinfo
 *(.debug_macinfo)

.debug_weaknames
 *(.debug_weaknames)

.debug_funcnames
 *(.debug_funcnames)

.debug_typenames
 *(.debug_typenames)

.debug_varnames
 *(.debug_varnames)

.debug_pubtypes
 *(.debug_pubtypes)

.debug_ranges
 *(.debug_ranges)

.debug_macro
 *(.debug_macro)
OUTPUT(WDG_Projectuu.elf elf32-avr)
LOAD linker stubs
